2023-07-22 16:44:39.615 6553-6996/com.hike.mazuma.debug D/Http: LogFull : Deleting request {reqId: d8f8c352d4e6fa4f57696d66b722caf6, retryClass: AnalyticsUploadRetryTask, extras: Bundle[mParcelledData.dataSize=284], priority: 100, retries: 5, minTs: 1690024479, workStatus: 4}
2023-07-22 16:44:39.623 6553-6858/com.hike.mazuma.debug I/WM-WorkerWrapper: Work [ id=38d54499-5ff5-490e-bdd1-b2b8d563265e, tags={ com.httpmanager.work.HttpWorker, work_tag_without_constraint1 } ] was cancelled
    java.util.concurrent.CancellationException: Task was cancelled.
        at androidx.work.impl.utils.futures.AbstractFuture.cancellationExceptionWithCause(AbstractFuture.java:1184)
        at androidx.work.impl.utils.futures.AbstractFuture.getDoneValue(AbstractFuture.java:514)
        at androidx.work.impl.utils.futures.AbstractFuture.get(AbstractFuture.java:475)
        at androidx.work.impl.WorkerWrapper$2.run(WorkerWrapper.java:311)
        at androidx.work.impl.utils.SerialExecutor$Task.run(SerialExecutor.java:91)
        at java.util.concurrent.ThreadPoolExecutor.runWorker(ThreadPoolExecutor.java:1167)
        at java.util.concurrent.ThreadPoolExecutor$Worker.run(ThreadPoolExecutor.java:641)
        at java.lang.Thread.run(Thread.java:923)
2023-07-22 16:44:39.681 6553-6991/com.hike.mazuma.debug D/Http: LogFull : New updated request: {reqId: 15b3d04ca7a1f377d91708b42b71df, retryClass: AnalyticsUploadRetryTask, extras: Bundle[mParcelledData.dataSize=284], priority: 100, retries: 5, minTs: 1690024479, workStatus: 4}
2023-07-22 16:44:39.682 6553-6991/com.hike.mazuma.debug D/Http: LogFull : Deleting request {reqId: 15b3d04ca7a1f377d91708b42b71df, retryClass: AnalyticsUploadRetryTask, extras: Bundle[mParcelledData.dataSize=284], priority: 100, retries: 5, minTs: 1690024479, workStatus: 4}
2023-07-22 16:44:39.691 6553-6989/com.hike.mazuma.debug D/Http: LogFull : Scheduling work with tag: work_tag_without_constraint0
2023-07-22 16:44:39.692 6553-6989/com.hike.mazuma.debug D/Http: LogFull : Scheduling request in WorkManager.
     WorkRequest id: 6867df18-0542-4888-865c-802b157768a8
2023-07-22 16:44:39.795 10775-11005/com.hike.mazuma.debug I/IL2CPP: Locale en-US
2023-07-22 16:44:40.003 6553-6989/com.hike.mazuma.debug D/Http: LogFull : Scheduling work with tag: work_tag_without_constraint1
2023-07-22 16:44:40.004 6553-6989/com.hike.mazuma.debug D/Http: LogFull : Scheduling request in WorkManager.
     WorkRequest id: 1ba0145a-60aa-45d3-92ae-a680a61a2083
2023-07-22 16:44:40.048 6553-6992/com.hike.mazuma.debug D/Http: LogFull : doWork() called for :6867df18-0542-4888-865c-802b157768a8on thread: work-manager
2023-07-22 16:44:40.050 6553-6992/com.hike.mazuma.debug D/Http: LogFull : Persistable request is null. Returning result success for 6867df18-0542-4888-865c-802b157768a8
2023-07-22 16:44:40.129 10955-11019/? I/Finsky: [8608] ahjn.ch(256): Finished reading experiment flags from file [0tGUNCGIkbk4o6-fQ335kUYSKwVj4lusnHT-A5Dsy08].
2023-07-22 16:44:40.148 10955-11019/? I/Finsky: [8608] ahjn.ch(256): Finished reading experiment flags from file [Se-xCc4LzNyh3UrKMIU2sUf-PUKz4oQEbpKZDMuaFno].
2023-07-22 16:44:40.296 11023-11023/? I/ocess.gservice: The ClassLoaderContext is a special shared library.
2023-07-22 16:44:40.327 6553-6858/com.hike.mazuma.debug D/Http: HttpWorker : HttpWorker
2023-07-22 16:44:40.458 6553-6857/com.hike.mazuma.debug I/WM-WorkerWrapper: Work [ id=6867df18-0542-4888-865c-802b157768a8, tags={ com.httpmanager.work.HttpWorker, work_tag_without_constraint0 } ] was cancelled
    java.util.concurrent.CancellationException: Task was cancelled.
        at androidx.work.impl.utils.futures.AbstractFuture.cancellationExceptionWithCause(AbstractFuture.java:1184)
        at androidx.work.impl.utils.futures.AbstractFuture.getDoneValue(AbstractFuture.java:514)
        at androidx.work.impl.utils.futures.AbstractFuture.get(AbstractFuture.java:475)
        at androidx.work.impl.WorkerWrapper$2.run(WorkerWrapper.java:311)
        at androidx.work.impl.utils.SerialExecutor$Task.run(SerialExecutor.java:91)
        at java.util.concurrent.ThreadPoolExecutor.runWorker(ThreadPoolExecutor.java:1167)
        at java.util.concurrent.ThreadPoolExecutor$Worker.run(ThreadPoolExecutor.java:641)
        at java.lang.Thread.run(Thread.java:923)
2023-07-22 16:44:40.650 6553-6990/com.hike.mazuma.debug D/Http: LogFull : doWork() called for :1ba0145a-60aa-45d3-92ae-a680a61a2083on thread: work-manager
2023-07-22 16:44:40.652 6553-6990/com.hike.mazuma.debug D/Http: LogFull : Persistable request is null. Returning result success for 1ba0145a-60aa-45d3-92ae-a680a61a2083
2023-07-22 16:44:40.659 10775-10866/com.hike.mazuma.debug D/Unity: UnloadTime: 10.033307 ms
2023-07-22 16:44:40.663 11023-11023/? D/NetworkSecurityConfig: No Network Security Config specified, using platform default
2023-07-22 16:44:40.665 11023-11023/? D/NetworkSecurityConfig: No Network Security Config specified, using platform default
2023-07-22 16:44:40.677 6553-6630/com.hike.mazuma.debug D/Http: HttpWorker : HttpWorker
2023-07-22 16:44:40.690 11023-11023/? I/GservicesProvider: Gservices pushing to system: true; secure/global: true
2023-07-22 16:44:40.700 10775-10866/com.hike.mazuma.debug D/Unity: UUID: 8f30095ad6435ba8 => c6917be9f8d87df8a36e442c3e12328d
2023-07-22 16:44:41.093 6553-6630/com.hike.mazuma.debug I/WM-WorkerWrapper: Work [ id=1ba0145a-60aa-45d3-92ae-a680a61a2083, tags={ com.httpmanager.work.HttpWorker, work_tag_without_constraint1 } ] was cancelled
    java.util.concurrent.CancellationException: Task was cancelled.
        at androidx.work.impl.utils.futures.AbstractFuture.cancellationExceptionWithCause(AbstractFuture.java:1184)
        at androidx.work.impl.utils.futures.AbstractFuture.getDoneValue(AbstractFuture.java:514)
        at androidx.work.impl.utils.futures.AbstractFuture.get(AbstractFuture.java:475)
        at androidx.work.impl.WorkerWrapper$2.run(WorkerWrapper.java:311)
        at androidx.work.impl.utils.SerialExecutor$Task.run(SerialExecutor.java:91)
        at java.util.concurrent.ThreadPoolExecutor.runWorker(ThreadPoolExecutor.java:1167)
        at java.util.concurrent.ThreadPoolExecutor$Worker.run(ThreadPoolExecutor.java:641)
        at java.lang.Thread.run(Thread.java:923)
2023-07-22 16:44:41.112 6333-11054/? I/Fitness: (REDACTED) OnPackageChangedOperation got intent: %s
2023-07-22 16:44:41.146 6333-11053/? I/Fitness: (REDACTED) FitCleanupIntentOperation received Intent %s
2023-07-22 16:44:41.495 10775-10790/com.hike.mazuma.debug I/uma.debug:Unit: NativeAlloc concurrent copying GC freed 12383(722KB) AllocSpace objects, 2(104KB) LOS objects, 19% free, 8502KB/10MB, paused 219us total 574.852ms
2023-07-22 16:44:41.504 6333-6380/? W/ChimeraUtils: Module com.google.android.gms.nearby_en missing resource null(0)
2023-07-22 16:44:41.546 10955-11020/? E/Finsky: Getting early startup flag value without initialization: PhoneskyPhenotype__enable_flag_update_entry_point
2023-07-22 16:44:41.570 6333-6380/? W/ChimeraUtils: Module com.google.android.gms.nearby_en missing resource null(0)
2023-07-22 16:44:41.623 6333-6380/? W/ChimeraUtils: Module com.google.android.gms.nearby_en missing resource null(0)
2023-07-22 16:44:41.656 10775-10866/com.hike.mazuma.debug W/Unity: Cannot initialize ANR watchdog - reason: java.lang.ClassNotFoundException: backtrace.io.backtrace_unity_android_plugin.BacktraceANRWatchdog
    UnityEngine.Logger:Log(LogType, Object)
    Backtrace.Unity.Runtime.Native.Android.NativeClient:HandleAnr()
    Backtrace.Unity.Runtime.Native.Android.NativeClient:.ctor(BacktraceConfiguration, BacktraceBreadcrumbs, IDictionary`2, IEnumerable`1, String)
    Backtrace.Unity.Runtime.Native.NativeClientFactory:CreateNativeClient(BacktraceConfiguration, String, BacktraceBreadcrumbs, IDictionary`2, ICollection`1)
    Backtrace.Unity.BacktraceClient:Refresh()
2023-07-22 16:44:41.664 10775-10866/com.hike.mazuma.debug W/Unity: Cannot initialize unhandled exception watcher - reason: java.lang.ClassNotFoundException: backtrace.io.backtrace_unity_android_plugin.BacktraceAndroidBackgroundUnhandledExceptionHandler
    UnityEngine.Logger:Log(LogType, Object)
    Backtrace.Unity.Runtime.Native.Android.NativeClient:.ctor(BacktraceConfiguration, BacktraceBreadcrumbs, IDictionary`2, IEnumerable`1, String)
    Backtrace.Unity.Runtime.Native.NativeClientFactory:CreateNativeClient(BacktraceConfiguration, String, BacktraceBreadcrumbs, IDictionary`2, ICollection`1)
    Backtrace.Unity.BacktraceClient:Refresh()
2023-07-22 16:44:41.711 27477-27588/? I/Icing: IndexChimeraService.getServiceInterface callingPackage=com.google.android.gms componentName=AppsCorpus serviceId=36
2023-07-22 16:44:41.959 6333-11053/? I/Fitness: (REDACTED) OnPackageChangedOperation got intent: %s
2023-07-22 16:44:41.976 6333-11054/? I/Fitness: (REDACTED) FitCleanupIntentOperation received Intent %s
2023-07-22 16:44:42.012 10955-10955/? I/Finsky: [2] jpe.an(730): Profiling: Starting up (0)
2023-07-22 16:44:42.018 10955-11019/? I/Finsky: [8608] jpe.N(10): pcsi: PROCESS_START
2023-07-22 16:44:42.062 10955-11018/? I/Finsky: [8609] lpd.g(38): Subscription detail: N/A
2023-07-22 16:44:42.108 10955-11079/? I/TetheringManager: registerTetheringEventCallback:com.android.vending
2023-07-22 16:44:42.112 10955-11072/? W/android.vendin: Verification of java.lang.Object kxs.b() took 111.372ms (21639.19 bytecodes/s) (44040B approximate peak alloc)
2023-07-22 16:44:42.185 10955-11016/? W/linker: Warning: "/data/app/~~2rfX8OArLUbAvKC_oZp1PA==/com.android.vending-8CiOuM3WBm-tp8iMpjTGyg==/split_config.arm64_v8a.apk!/lib/arm64-v8a/libcronet.114.0.5735.84.so" unused DT entry: unknown processor-specific (type 0x70000001 arg 0x0) (ignoring)
2023-07-22 16:44:42.342 10955-11015/? I/Finsky: [8606] vut.<init>(69): vuv - Registering in memory receiver for android.intent.action.PACKAGE_ADDED and android.intent.action.PACKAGE_REMOVED
2023-07-22 16:44:42.366 10955-11016/? I/cr_CronetLibraryLoader: Cronet version: 114.0.5735.84, arch: aarch64
2023-07-22 16:44:42.396 27477-27477/? D/BoundBrokerSvc: onBind: Intent { act=com.google.android.gms.feedback.internal.IFeedbackService dat=chimera-action: cmp=com.google.android.gms/.chimera.GmsBoundBrokerService }
2023-07-22 16:44:42.398 27477-27477/? D/BoundBrokerSvc: Loading bound service for intent: Intent { act=com.google.android.gms.feedback.internal.IFeedbackService dat=chimera-action: cmp=com.google.android.gms/.chimera.GmsBoundBrokerService }
2023-07-22 16:44:42.414 10955-11018/? I/Finsky: [8609] agyr.f(50): SysUA: Disable SystemUpdateActivity, because no login account
2023-07-22 16:44:42.426 6333-6494/? W/ChimeraUtils: Module com.google.android.gms.nearby_en missing resource null(0)
2023-07-22 16:44:42.467 10955-11020/? W/Finsky: [8610] ixp.d(17): For unauth, use getDfeApiNonAuthenticated() instead!
2023-07-22 16:44:42.469 10955-11097/? I/Finsky: [8630] vug.run(335): SysCUA: Set {com.android.vending/com.google.android.finsky.systemcomponentupdateui.common.SystemComponentUpdateActivity} enabled state to 0
2023-07-22 16:44:42.490 10955-11019/? W/Settings: Setting download_manager_max_bytes_over_mobile has moved from android.provider.Settings.Secure to android.provider.Settings.Global.
2023-07-22 16:44:42.504 10955-11072/? I/Finsky: [8619] lml.run(150): SysUA: Set SystemUpdateActivity enabled state to 2
2023-07-22 16:44:42.516 10955-11019/? I/Finsky: [8608] vbo.i(33): SettingNotFoundException, fall through to G.downloadBytesOverMobileMaximum
2023-07-22 16:44:42.516 10955-11019/? W/Settings: Setting download_manager_recommended_max_bytes_over_mobile has moved from android.provider.Settings.Secure to android.provider.Settings.Global.
2023-07-22 16:44:42.520 10955-11019/? I/Finsky: [8608] vbo.h(31): SettingNotFoundException, fall through to G.downloadBytesOverMobileRecommended
2023-07-22 16:44:42.524 10955-11019/? I/Finsky: [8608] alzy.d(7): registerListener
2023-07-22 16:44:42.533 10955-11019/? I/Finsky: [8608] alzy.d(7): registerListener
2023-07-22 16:44:42.533 10955-11082/? W/android.vendin: Accessing hidden field Ljava/util/Collections$SynchronizedCollection;->mutex:Ljava/lang/Object; (greylist-max-o, reflection, denied)
2023-07-22 16:44:42.549 10955-11082/? W/android.vendin: Accessing hidden method Ljava/util/Collections$SynchronizedSet;-><init>(Ljava/util/Set;Ljava/lang/Object;)V (greylist-max-o, reflection, denied)
2023-07-22 16:44:42.549 10955-11082/? W/android.vendin: Accessing hidden method Ljava/util/Collections$SynchronizedCollection;-><init>(Ljava/util/Collection;Ljava/lang/Object;)V (greylist-max-o, reflection, denied)
2023-07-22 16:44:42.567 10955-11019/? I/Finsky: [8608] suk.r(77): Enqueuing libraries load for 0
2023-07-22 16:44:42.582 10955-11016/? I/Finsky: [8607] agje.<init>(93): VerifyApps: Setup app restrictions monitor
2023-07-22 16:44:42.588 27477-27489/? I/gle.android.gm: Background young concurrent copying GC freed 15426(970KB) AllocSpace objects, 3(124KB) LOS objects, 4% free, 15MB/16MB, paused 243us total 1.007s
2023-07-22 16:44:42.592 6333-6494/? W/ChimeraUtils: Module com.google.android.gms.nearby_en missing resource null(0)
2023-07-22 16:44:42.637 10955-11099/? I/Finsky: [8631] suk.s(14): Starting libraries load for 0
2023-07-22 16:44:42.883 27477-19110/? W/Icing: Failed to get Lockbox signed-in status: java.util.concurrent.TimeoutException: Timed out waiting for Task
2023-07-22 16:44:42.893 10955-11016/? I/Finsky: [8607] agpi.a(32): VerifyApps: Device wide unknown source restriction updated
2023-07-22 16:44:42.895 27477-19110/? W/Icing: getSignedInAccountName: Falling back to default value
2023-07-22 16:44:42.904 10955-11078/? I/Finsky: [8624] nz.run(136): Set UnhibernateActivity enabled state to 1
2023-07-22 16:44:42.904 27477-19110/? W/Icing: No valid account for uploading user actions
2023-07-22 16:44:42.923 6333-6333/? D/BoundBrokerSvc: onBind: Intent { act=com.google.android.gms.icing.LIGHTWEIGHT_INDEX_SERVICE dat=chimera-action: cmp=com.google.android.gms/.chimera.PersistentApiService }
2023-07-22 16:44:42.923 6333-6333/? D/BoundBrokerSvc: Loading bound service for intent: Intent { act=com.google.android.gms.icing.LIGHTWEIGHT_INDEX_SERVICE dat=chimera-action: cmp=com.google.android.gms/.chimera.PersistentApiService }
2023-07-22 16:44:42.928 6333-6494/? W/ChimeraUtils: Module com.google.android.gms.nearby_en missing resource null(0)
2023-07-22 16:44:42.958 10955-11021/? I/Finsky: [8611] rrm.<init>(46): Item store provider started.
2023-07-22 16:44:43.093 10955-11099/? I/Finsky: [8631] suk.s(354): Finished loading 0 libraries.
2023-07-22 16:44:43.101 27477-27588/? I/Icing: IndexChimeraService.getServiceInterface callingPackage=com.google.android.gms componentName=null serviceId=30
2023-07-22 16:44:43.111 27477-27477/? D/BoundBrokerSvc: onBind: Intent { act=com.google.android.gms.safetynet.service.START pkg=com.google.android.gms }
2023-07-22 16:44:43.111 27477-27477/? D/BoundBrokerSvc: Loading bound service for intent: Intent { act=com.google.android.gms.safetynet.service.START pkg=com.google.android.gms }
2023-07-22 16:44:43.137 27477-19110/? I/Icing: Usage reports ok 1, Failed Usage reports 0, indexed 0, rejected 0
2023-07-22 16:44:43.142 10955-10955/? I/Finsky: [2] jaz.h(312): This process start was not selected for Play memory metrics collection.
2023-07-22 16:44:43.198 10775-10775/com.hike.mazuma.debug I/PlayCore: UID: [10222]  PID: [10775] AssetPackServiceImpl : ServiceConnectionImpl.onServiceConnected(ComponentInfo{com.android.vending/com.google.android.finsky.assetmoduleservice.AssetModuleService})
2023-07-22 16:44:43.208 10955-11122/? I/Finsky: [8650] alzy.d(7): registerListener
2023-07-22 16:44:43.216 10955-11122/? I/Finsky: [8650] ssx.n(6): getDownloads()
2023-07-22 16:44:43.221 10955-11000/? D/TelephonyRegistryManager: onSubscriptionsChangedListener callback received.
2023-07-22 16:44:43.235 10775-10900/com.hike.mazuma.debug I/PlayCore: UID: [10222]  PID: [10775] AssetPackServiceImpl : linkToDeath
2023-07-22 16:44:43.294 10955-10955/? I/Finsky: [2] qhf.A(24): Installer: Attempting to start installer
2023-07-22 16:44:43.310 10955-10955/? I/Finsky: [2] alzy.d(7): registerListener
2023-07-22 16:44:43.381 10955-10955/? I/Finsky: [2] aafb.<init>(263): Initializing pausers from value store.
2023-07-22 16:44:43.385 10955-10955/? I/Finsky: [2] aafb.<init>(320): Callers (Pausers) in value store: []
2023-07-22 16:44:43.408 10955-11000/? I/Finsky: [8601] jzk.i(18): requestDownloadInfo() for package: com.hike.mazuma.debug
2023-07-22 16:44:43.413 10955-10955/? I/Finsky: [2] lpc.onSubscriptionsChanged(6): onSubscriptionsChanged
2023-07-22 16:44:43.468 10955-10995/? I/android.vendin: Background concurrent copying GC freed 30753(1954KB) AllocSpace objects, 15(364KB) LOS objects, 24% free, 4873KB/6497KB, paused 26.823ms total 1.434s
2023-07-22 16:44:43.508 10955-11000/? W/Finsky: [8601] jzq.c(71): Unauthenticated asset module requests are not allowed
2023-07-22 16:44:43.513 10955-11000/? I/Finsky: [8601] jzk.c(11): getSessionStates for package: com.hike.mazuma.debug
2023-07-22 16:44:43.525 10955-11000/? W/Finsky: [8601] jzq.c(71): Unauthenticated asset module requests are not allowed
2023-07-22 16:44:43.527 10955-11000/? I/Finsky: [8601] jzk.i(18): requestDownloadInfo() for package: com.hike.mazuma.debug
2023-07-22 16:44:43.534 10955-11000/? W/Finsky: [8601] jzq.c(71): Unauthenticated asset module requests are not allowed
2023-07-22 16:44:43.554 27477-27489/? I/gle.android.gm: Background concurrent copying GC freed 31952(1857KB) AllocSpace objects, 4(144KB) LOS objects, 12% free, 14MB/16MB, paused 223us total 616.944ms
2023-07-22 16:44:43.682 10955-11122/? I/Finsky: [8650] qy.run(78): Initialized AssetModuleDownloader.
2023-07-22 16:44:43.722 11125-11125/? I/e.process.gapp: The ClassLoaderContext is a special shared library.
2023-07-22 16:44:43.723 10775-10795/com.hike.mazuma.debug I/PlayCore: UID: [10222]  PID: [10775] AssetPackServiceImpl : Leaving the connection open for other ongoing calls.
2023-07-22 16:44:43.723 10775-10797/com.hike.mazuma.debug I/PlayCore: UID: [10222]  PID: [10775] AssetPackServiceImpl : Leaving the connection open for other ongoing calls.
2023-07-22 16:44:43.724 10775-10795/com.hike.mazuma.debug E/PlayCore: UID: [10222]  PID: [10775] AssetPackServiceImpl : onError(-5)
2023-07-22 16:44:43.724 10775-10797/com.hike.mazuma.debug E/PlayCore: UID: [10222]  PID: [10775] AssetPackServiceImpl : onError(-5)
2023-07-22 16:44:43.732 10775-10899/com.hike.mazuma.debug W/PlayCore: UID: [10222]  PID: [10775] AssetPackManager : Could not sync active asset packs. com.google.android.play.core.assetpacks.AssetPackException: Asset Pack Download Error(-5): The Asset Delivery API is not available. (https://developer.android.com/reference/com/google/android/play/core/assetpacks/model/AssetPackErrorCode.html#API_NOT_AVAILABLE)
2023-07-22 16:44:43.752 10775-10797/com.hike.mazuma.debug E/PlayCore: UID: [10222]  PID: [10775] AssetPackServiceImpl : onError(-5)
2023-07-22 16:44:43.754 10775-10900/com.hike.mazuma.debug I/PlayCore: UID: [10222]  PID: [10775] AssetPackServiceImpl : Unbind from service.
2023-07-22 16:44:43.984 11125-11125/? D/NetworkSecurityConfig: No Network Security Config specified, using platform default
2023-07-22 16:44:43.985 11125-11125/? D/NetworkSecurityConfig: No Network Security Config specified, using platform default
2023-07-22 16:44:44.300 6553-6553/com.hike.mazuma.debug D/AppStateManager: onActivityStarted called with activity: RushGameUnityActivity
2023-07-22 16:44:44.303 6553-6553/com.hike.mazuma.debug D/AppStateManager: checkRestart called for activity: RushGameUnityActivity, mCurrentActivityTracked: null
2023-07-22 16:44:44.303 6553-6553/com.hike.mazuma.debug D/AppStateManager: activityRestartLaunch called for activity: RushGameUnityActivity
2023-07-22 16:44:44.304 6553-6553/com.hike.mazuma.debug D/RushAppState: moveToState called. Prev state: BACKGROUNDED, Next state: RESUMED
2023-07-22 16:44:44.306 27477-19110/? W/Icing: No valid account for uploading user actions
2023-07-22 16:44:44.306 6553-6553/com.hike.mazuma.debug D/HikeLandAppStateListener: App wide state changed to RESUMED
2023-07-22 16:44:44.318 11125-11125/? I/GoogleHttpClient: GMS http client unavailable, use old client
2023-07-22 16:44:44.411 11125-11125/? I/CarUiInstaller: CarUiInstaller started for com.google.android.gsf
2023-07-22 16:44:44.415 6553-6646/com.hike.mazuma.debug I/HikeDeviceManager: returning deviceId as 63ee227a-4c9b-402d-8d48-adf4e13744b7
2023-07-22 16:44:44.415 6553-6646/com.hike.mazuma.debug I/HikeDeviceManager: returning secureId as 8f30095ad6435ba8
2023-07-22 16:44:44.417 6553-6646/com.hike.mazuma.debug D/RushAnalytics: {"uk":"rush","k":"rush","p":"client_bg_event","c":"app_infra","o":"app_open","fa":"","g":"rewards_enabled","src":"","vs":"yes","di":"63ee227a-4c9b-402d-8d48-adf4e13744b7","tc":"8f30095ad6435ba8","fu":"YOU5dzukYGdrl0fE","r":"c2ce8820-1672-44b0-965b-d472dc78a478","cts":1690024484416,"av":"android-1.0.631.CDF","dt":"Android","ov":30,"msisdn":"+919452995292","nw":"WIFI_METERED","ri":"63ee227a-4c9b-402d-8d48-adf4e13744b7","ser":"{\"RAM\":\"2.73 GB\",\"Storage\":[{\"Free\":\"35.65 GB\",\"Total\":\"59.6 GB\"}]}","f":"f06f08ac-ed67-4b1a-8163-7fd894a31a91","ver":"v2","ts":1690024484}
2023-07-22 16:44:44.431 6553-10392/com.hike.mazuma.debug D/RushAnalytics: Delete the old files!
2023-07-22 16:44:44.520 6553-10392/com.hike.mazuma.debug D/RushAnalytics: events written to  file! Size now :0bytes
2023-07-22 16:44:44.560 27477-19110/? I/Icing: Usage reports ok 0, Failed Usage reports 0, indexed 0, rejected 0
2023-07-22 16:44:44.649 27477-19110/? I/Icing: Indexing com.google.android.gms-apps from com.google.android.gms
2023-07-22 16:44:44.677 10955-11124/? I/Finsky: [8652] qfe.apply(857): Installer: Registering atomic install listeners with package installer
2023-07-22 16:44:44.679 10955-11131/? I/Finsky: [8653] pgj.a(161): Installer: Checking for orphaned groups
2023-07-22 16:44:44.716 10955-11131/? I/Finsky: [8653] ssx.n(6): getDownloads()
2023-07-22 16:44:44.776 27477-19110/? I/Icing: Indexing done com.google.android.gms-apps
2023-07-22 16:44:44.782 27477-19110/? I/Icing: Indexing com.google.android.gms-apps from com.google.android.gms
2023-07-22 16:44:44.784 27477-19110/? I/Icing: Indexing done com.google.android.gms-apps
2023-07-22 16:44:44.898 10775-10790/com.hike.mazuma.debug I/uma.debug:Unit: NativeAlloc concurrent copying GC freed 8083(1149KB) AllocSpace objects, 0(0B) LOS objects, 18% free, 8825KB/10MB, paused 229us total 438.870ms
2023-07-22 16:44:44.899 10775-10791/com.hike.mazuma.debug W/JavaBinder: BinderProxy is being destroyed but the application did not call unlinkToDeath to unlink all of its death recipients beforehand.  Releasing leaked death recipient: com.google.android.play.core.internal.zzai
2023-07-22 16:44:44.902 10775-10791/com.hike.mazuma.debug I/BpBinder: onLastStrongRef automatically unlinking death recipients: <uncached descriptor>
2023-07-22 16:44:44.975 10542-10565/? I/PermissionControllerServiceImpl: Updating user sensitive for uid 10222
2023-07-22 16:44:44.984 10542-10565/? I/PermissionControllerServiceImpl: Updating user sensitive for uid 10222
2023-07-22 16:44:45.000 27477-27477/? D/BoundBrokerSvc: onUnbind: Intent { act=com.google.android.gms.safetynet.service.START pkg=com.google.android.gms }
2023-07-22 16:44:45.017 10775-10866/com.hike.mazuma.debug D/Unity: Sensor :        Accelerometer ( 1) ; 0.001200 / 0.00s ; ACCELEROMETER / lis2hh12 
2023-07-22 16:44:45.168 10775-10866/com.hike.mazuma.debug D/Unity: Choreographer available: Enabling VSYNC timing
2023-07-22 16:44:45.177 10775-10866/com.hike.mazuma.debug I/PlayCore: UID: [10222]  PID: [10775] AssetPackServiceListenerRegistry : unregisterListener
2023-07-22 16:44:45.782 6553-6618/com.hike.mazuma.debug D/TransportRuntime.CctTransportBackend: Making request to: https://firebaselogging-pa.googleapis.com/v1/firelog/legacy/batchlog
2023-07-22 16:44:45.823 10775-10790/com.hike.mazuma.debug I/uma.debug:Unit: Background young concurrent copying GC freed 13958(1845KB) AllocSpace objects, 0(0B) LOS objects, 4% free, 10MB/10MB, paused 189us total 291.544ms
2023-07-22 16:44:46.094 10775-10790/com.hike.mazuma.debug I/uma.debug:Unit: Background concurrent copying GC freed 37824(2101KB) AllocSpace objects, 5(228KB) LOS objects, 18% free, 8953KB/10MB, paused 220us total 250.625ms
2023-07-22 16:44:46.348 6333-6333/? D/BoundBrokerSvc: onUnbind: Intent { act=com.google.android.gms.presencemanager.service.START dat=chimera-action: cmp=com.google.android.gms/.chimera.PersistentApiService }
2023-07-22 16:44:46.354 6333-6333/? D/BoundBrokerSvc: onUnbind: Intent { act=com.google.android.gms.presencemanager.service.INTERNAL_IDENTITY dat=chimera-action: cmp=com.google.android.gms/.chimera.PersistentApiService }
2023-07-22 16:44:47.444 27477-27477/? D/BoundBrokerSvc: onUnbind: Intent { act=com.google.android.gms.measurement.START pkg=com.google.android.gms }
2023-07-22 16:44:48.556 6553-6618/com.hike.mazuma.debug I/TransportRuntime.CctTransportBackend: Status Code: 200
2023-07-22 16:44:48.557 6553-6618/com.hike.mazuma.debug I/TransportRuntime.CctTransportBackend: Content-Type: application/json; charset=UTF-8
2023-07-22 16:44:48.557 6553-6618/com.hike.mazuma.debug I/TransportRuntime.CctTransportBackend: Content-Encoding: gzip
2023-07-22 16:44:49.628 10775-10790/com.hike.mazuma.debug I/uma.debug:Unit: NativeAlloc concurrent copying GC freed 2546(104KB) AllocSpace objects, 2(128KB) LOS objects, 18% free, 8850KB/10MB, paused 261us total 191.707ms
2023-07-22 16:44:51.128 10775-10858/com.hike.mazuma.debug I/HikeDeviceManager: returning deviceId as 63ee227a-4c9b-402d-8d48-adf4e13744b7
2023-07-22 16:44:51.129 10775-10858/com.hike.mazuma.debug I/HikeDeviceManager: returning secureId as 8f30095ad6435ba8
2023-07-22 16:44:51.131 10775-10858/com.hike.mazuma.debug D/RushAnalytics: {"uk":"rush","k":"rush","p":"client_bg_event","c":"unity_alive","o":"unity_alive","g":"Inside makeUnityFullScreen. isHappyCase false","src":"","di":"63ee227a-4c9b-402d-8d48-adf4e13744b7","tc":"8f30095ad6435ba8","fu":"YOU5dzukYGdrl0fE","r":"c2ce8820-1672-44b0-965b-d472dc78a478","cts":1690024491129,"av":"android-1.0.631.CDF","dt":"Android","ov":30,"msisdn":"+919452995292","nw":"WIFI_METERED","ri":"63ee227a-4c9b-402d-8d48-adf4e13744b7","ser":"{\"RAM\":\"2.73 GB\",\"Storage\":[{\"Free\":\"35.65 GB\",\"Total\":\"59.6 GB\"}]}","f":"f06f08ac-ed67-4b1a-8163-7fd894a31a91","ver":"v2","ts":1690024491}
2023-07-22 16:44:51.132 10775-10858/com.hike.mazuma.debug I/HikeDeviceManager: returning deviceId as 63ee227a-4c9b-402d-8d48-adf4e13744b7
2023-07-22 16:44:51.133 10775-10858/com.hike.mazuma.debug I/HikeDeviceManager: returning secureId as 8f30095ad6435ba8
2023-07-22 16:44:51.133 10775-10868/com.hike.mazuma.debug D/RushAnalytics: Delete the old files!
2023-07-22 16:44:51.135 10775-10858/com.hike.mazuma.debug D/RushAnalytics: {"uk":"rush","k":"rush","p":"client_bg_event","c":"unity_alive","o":"unity_alive","g":"Unity is fullscreen already. isHappyCase false","src":"","di":"63ee227a-4c9b-402d-8d48-adf4e13744b7","tc":"8f30095ad6435ba8","fu":"YOU5dzukYGdrl0fE","r":"c2ce8820-1672-44b0-965b-d472dc78a478","cts":1690024491133,"av":"android-1.0.631.CDF","dt":"Android","ov":30,"msisdn":"+919452995292","nw":"WIFI_METERED","ri":"63ee227a-4c9b-402d-8d48-adf4e13744b7","ser":"{\"RAM\":\"2.73 GB\",\"Storage\":[{\"Free\":\"35.65 GB\",\"Total\":\"59.6 GB\"}]}","f":"f06f08ac-ed67-4b1a-8163-7fd894a31a91","ver":"v2","ts":1690024491}
2023-07-22 16:44:51.136 10775-10858/com.hike.mazuma.debug I/HikeDeviceManager: returning deviceId as 63ee227a-4c9b-402d-8d48-adf4e13744b7
2023-07-22 16:44:51.136 10775-10858/com.hike.mazuma.debug I/HikeDeviceManager: returning secureId as 8f30095ad6435ba8
2023-07-22 16:44:51.138 10775-10858/com.hike.mazuma.debug D/RushAnalytics: {"uk":"rush","k":"rush","p":"client_bg_event","c":"unity_alive","o":"unity_alive","g":"unity load event not received within 15 secs","src":"","di":"63ee227a-4c9b-402d-8d48-adf4e13744b7","tc":"8f30095ad6435ba8","fu":"YOU5dzukYGdrl0fE","r":"c2ce8820-1672-44b0-965b-d472dc78a478","cts":1690024491136,"av":"android-1.0.631.CDF","dt":"Android","ov":30,"msisdn":"+919452995292","nw":"WIFI_METERED","ri":"63ee227a-4c9b-402d-8d48-adf4e13744b7","ser":"{\"RAM\":\"2.73 GB\",\"Storage\":[{\"Free\":\"35.65 GB\",\"Total\":\"59.6 GB\"}]}","f":"f06f08ac-ed67-4b1a-8163-7fd894a31a91","ver":"v2","ts":1690024491}
2023-07-22 16:44:51.140 10775-10868/com.hike.mazuma.debug D/RushAnalytics: events written to  file! Size now :0bytes
2023-07-22 16:44:51.143 10775-10868/com.hike.mazuma.debug D/RushAnalytics: events written to  file! Size now :598bytes
2023-07-22 16:44:51.146 10775-10868/com.hike.mazuma.debug D/RushAnalytics: events written to  file! Size now :1197bytes
2023-07-22 16:44:51.433 18158-18158/? I/AppBase: AppBase.onTrimMemory():445 onTrimMemory(): 10
2023-07-22 16:44:51.460 6553-6673/com.hike.mazuma.debug I/GED: ged_boost_gpu_freq, level 100, eOrigin 2, final_idx 2, oppidx_max 2, oppidx_min 0
2023-07-22 16:44:51.462 18158-18158/? I/GoogleInputMethodService: GoogleInputMethodService.onTrimMemory():4558 onTrimMemory(): 10
2023-07-22 16:44:52.955 10775-10866/com.hike.mazuma.debug W/Unity: DontDestroyOnLoad only works for root GameObjects or components on root GameObjects.
2023-07-22 16:44:52.987 10775-10866/com.hike.mazuma.debug D/RushUnityReceiver: RushUnityReceiver.receiveData  called with json {"type":2,"data":{"p":"client_user_action","o":"click_skip_game_ftue","fa":"game_ftue_screen","src":"rush_homescreen","ra":"stage_1","c":"game_v2","g":"ludo","s":"gt:table1678871131835","vs":"cash","fu":"YOU5dzukYGdrl0fE","tu":"{}","us":7.0,"v":"non_vip","cs":36,"sec":"{}","t":"{\"EE_FunnelId\":\"EE-203e86c2-87e1-47e7-8eed-248b35aa3945\",\"SS_FunnelId\":\"SS-a711dd45-fa87-43b4-86fb-ebb67162b32b\"}"}}
2023-07-22 16:44:52.988 10775-10866/com.hike.mazuma.debug D/RushUnityManager: onDataReceivedFromUnity of type 2 with data {"p":"client_user_action","o":"click_skip_game_ftue","fa":"game_ftue_screen","src":"rush_homescreen","ra":"stage_1","c":"game_v2","g":"ludo","s":"gt:table1678871131835","vs":"cash","fu":"YOU5dzukYGdrl0fE","tu":"{}","us":7,"v":"non_vip","cs":36,"sec":"{}","t":"{\"EE_FunnelId\":\"EE-203e86c2-87e1-47e7-8eed-248b35aa3945\",\"SS_FunnelId\":\"SS-a711dd45-fa87-43b4-86fb-ebb67162b32b\"}"}
2023-07-22 16:44:52.989 10775-10866/com.hike.mazuma.debug I/HikeDeviceManager: returning deviceId as 63ee227a-4c9b-402d-8d48-adf4e13744b7
2023-07-22 16:44:52.989 10775-10866/com.hike.mazuma.debug I/HikeDeviceManager: returning secureId as 8f30095ad6435ba8
2023-07-22 16:44:52.990 10775-10866/com.hike.mazuma.debug D/RushAnalytics: {"p":"client_user_action","o":"click_skip_game_ftue","fa":"game_ftue_screen","src":"rush_homescreen","ra":"stage_1","c":"game_v2","g":"ludo","s":"gt:table1678871131835","vs":"cash","fu":"YOU5dzukYGdrl0fE","tu":"{}","us":7,"v":"non_vip","cs":36,"sec":"{}","t":"{\"EE_FunnelId\":\"EE-203e86c2-87e1-47e7-8eed-248b35aa3945\",\"SS_FunnelId\":\"SS-a711dd45-fa87-43b4-86fb-ebb67162b32b\"}","di":"63ee227a-4c9b-402d-8d48-adf4e13744b7","tc":"8f30095ad6435ba8","r":"c2ce8820-1672-44b0-965b-d472dc78a478","cts":1690024492989,"av":"android-1.0.631.CDF","dt":"Android","ov":30,"msisdn":"+919452995292","nw":"WIFI_METERED","ri":"63ee227a-4c9b-402d-8d48-adf4e13744b7","ser":"{\"RAM\":\"2.73 GB\",\"Storage\":[{\"Free\":\"35.65 GB\",\"Total\":\"59.6 GB\"}]}","f":"f06f08ac-ed67-4b1a-8163-7fd894a31a91","k":"rush","uk":"rush","ver":"v2","ts":1690024492}
2023-07-22 16:44:52.993 10775-10868/com.hike.mazuma.debug D/RushAnalytics: events written to  file! Size now :1794bytes
2023-07-22 16:44:54.078 10775-10866/com.hike.mazuma.debug D/RushUnityReceiver: RushUnityReceiver.receiveData  called with json {"type":5}
2023-07-22 16:44:54.078 10775-10866/com.hike.mazuma.debug D/RushUnityManager: onDataReceivedFromUnity of type 5 with data null
2023-07-22 16:44:54.078 10775-10866/com.hike.mazuma.debug D/FirebaseAnalyticsManager: logging firebase Event ludo_Screen_Loaded with bundle {}
2023-07-22 16:44:54.080 10775-10775/com.hike.mazuma.debug D/PerfLogger: PERF feature unity_launch flow rush_unityReadyTime_gameLevel has latency 19606
2023-07-22 16:44:54.080 10775-10775/com.hike.mazuma.debug D/PerfLogger: PERF feature unity_launch flow rush_unityReadyTime_gameLevel_from_play_button_click has latency 23153
2023-07-22 16:44:54.179 27477-27477/? D/BoundBrokerSvc: onBind: Intent { act=com.google.android.gms.measurement.START pkg=com.google.android.gms }
2023-07-22 16:44:54.179 27477-27477/? D/BoundBrokerSvc: Loading bound service for intent: Intent { act=com.google.android.gms.measurement.START pkg=com.google.android.gms }
2023-07-22 16:44:54.180 10775-10858/com.hike.mazuma.debug I/HikeDeviceManager: returning deviceId as 63ee227a-4c9b-402d-8d48-adf4e13744b7
2023-07-22 16:44:54.180 10775-10858/com.hike.mazuma.debug I/HikeDeviceManager: returning secureId as 8f30095ad6435ba8
2023-07-22 16:44:54.182 10775-10858/com.hike.mazuma.debug D/RushAnalytics: {"uk":"rush","k":"rush","p":"client_bg_event","c":"unity_alive","o":"unity_alive","g":"Inside makeUnityFullScreen. isHappyCase true","src":"","di":"63ee227a-4c9b-402d-8d48-adf4e13744b7","tc":"8f30095ad6435ba8","fu":"YOU5dzukYGdrl0fE","r":"c2ce8820-1672-44b0-965b-d472dc78a478","cts":1690024494180,"av":"android-1.0.631.CDF","dt":"Android","ov":30,"msisdn":"+919452995292","nw":"WIFI_METERED","ri":"63ee227a-4c9b-402d-8d48-adf4e13744b7","ser":"{\"RAM\":\"2.73 GB\",\"Storage\":[{\"Free\":\"35.65 GB\",\"Total\":\"59.6 GB\"}]}","f":"f06f08ac-ed67-4b1a-8163-7fd894a31a91","ver":"v2","ts":1690024494}
2023-07-22 16:44:54.184 10775-10868/com.hike.mazuma.debug D/RushAnalytics: events written to  file! Size now :2631bytes
2023-07-22 16:44:54.186 10775-10858/com.hike.mazuma.debug I/HikeDeviceManager: returning deviceId as 63ee227a-4c9b-402d-8d48-adf4e13744b7
2023-07-22 16:44:54.186 10775-10858/com.hike.mazuma.debug I/HikeDeviceManager: returning secureId as 8f30095ad6435ba8
2023-07-22 16:44:54.188 10775-10858/com.hike.mazuma.debug D/RushAnalytics: {"uk":"rush","k":"rush","p":"client_bg_event","c":"unity_alive","o":"unity_alive","g":"Unity is fullscreen already. isHappyCase true","src":"","di":"63ee227a-4c9b-402d-8d48-adf4e13744b7","tc":"8f30095ad6435ba8","fu":"YOU5dzukYGdrl0fE","r":"c2ce8820-1672-44b0-965b-d472dc78a478","cts":1690024494186,"av":"android-1.0.631.CDF","dt":"Android","ov":30,"msisdn":"+919452995292","nw":"WIFI_METERED","ri":"63ee227a-4c9b-402d-8d48-adf4e13744b7","ser":"{\"RAM\":\"2.73 GB\",\"Storage\":[{\"Free\":\"35.65 GB\",\"Total\":\"59.6 GB\"}]}","f":"f06f08ac-ed67-4b1a-8163-7fd894a31a91","ver":"v2","ts":1690024494}
2023-07-22 16:44:54.189 10775-10858/com.hike.mazuma.debug I/HikeDeviceManager: returning deviceId as 63ee227a-4c9b-402d-8d48-adf4e13744b7
2023-07-22 16:44:54.189 10775-10858/com.hike.mazuma.debug I/HikeDeviceManager: returning secureId as 8f30095ad6435ba8
2023-07-22 16:44:54.191 10775-10858/com.hike.mazuma.debug D/RushAnalytics: {"uk":"rush","k":"rush","p":"client_bg_event","c":"unity_alive","o":"unity_alive","g":"Unity load time: 19606, from play click: 23153, application time: 356 isOptimized: false isV2Optimized: false","src":"","di":"63ee227a-4c9b-402d-8d48-adf4e13744b7","tc":"8f30095ad6435ba8","fu":"YOU5dzukYGdrl0fE","r":"c2ce8820-1672-44b0-965b-d472dc78a478","cts":1690024494189,"av":"android-1.0.631.CDF","dt":"Android","ov":30,"msisdn":"+919452995292","nw":"WIFI_METERED","ri":"63ee227a-4c9b-402d-8d48-adf4e13744b7","ser":"{\"RAM\":\"2.73 GB\",\"Storage\":[{\"Free\":\"35.65 GB\",\"Total\":\"59.6 GB\"}]}","f":"f06f08ac-ed67-4b1a-8163-7fd894a31a91","ver":"v2","ts":1690024494}
2023-07-22 16:44:54.193 10775-10868/com.hike.mazuma.debug D/RushAnalytics: events written to  file! Size now :3228bytes
2023-07-22 16:44:54.194 10775-10866/com.hike.mazuma.debug D/RushUnityReceiver: RushUnityReceiver.receiveData  called with json {"type":2,"data":{"p":"client_bg_event","o":"unity_time_tracking_v2","fa":"unity_time_tracking_v2","vs":"TOO_LARGE_{\"UnityIsReady\":{\"duration\":6864.104,\"startTime\":\"22/07/2023 16:44:34.829\",\"endTime\":\"22/07/2023 16:44:41.693\",\"deviceStatus\":{\"battery\" :85,\"TotalMemKernal\":2801,\"ThresholdMem\":216,\"TotalAvailMem\":545,\"IsLowMem\":false}},\"NativeToUnityFirstCall\":{\"duration\":10592.075,\"startTime\":\"22/07/2023 16:44:34.829\",\"endTime\":\"22/07/2023 16:44:45.421\",\"deviceStatus\":{\"battery\" :85,\"TotalMemKernal\":2801,\"ThresholdMem\":216,\"TotalAvailMem\":545,\"IsLowMem\":false}},\"ParsingData\":{\"duration\":39.574,\"startTime\":\"22/07/2023 16:44:45.426\",\"endTime\":\"22/07/2023 16:44:45.466\",\"deviceStatus\":{\"battery\" :85,\"TotalMemKernal\":2801,\"ThresholdMem\":216,\"TotalAvailMem\":545,\"IsLowMem\":false}},\"LoadingGameScene\":{\"duration\":7499.398,\"startTime\":\"22/07/2023 16:44:45.466\",\"endTime\":\"22/07/2023 16:44:52.966\",\"deviceStatus\":{\"battery\" :85,\"TotalMemKernal\":2801,\"ThresholdMem\":216,\"TotalAvailMem\":545,\"IsLowMem\":false}},\"CompleteUnityLoading\":{\"duration\":19218.112,\"startTime\":","src":"loading_analysis","ra":"LegacyLoading","c":"unity_time_tracking_v2","g":"ludo","s":"gt:table1678871131835","t":"YOU5dzukYGdrl0fE:22/07/2023 16:44:41.681","fu":"YOU5dzukYGdrl0fE","tu":"{}","us":7.0,"v":"non_vip","cs":36,"sec":"{}"}}
2023-07-22 16:44:54.196 10775-10866/com.hike.mazuma.debug D/RushUnityManager: onDataReceivedFromUnity of type 2 with data {"p":"client_bg_event","o":"unity_time_tracking_v2","fa":"unity_time_tracking_v2","vs":"TOO_LARGE_{\"UnityIsReady\":{\"duration\":6864.104,\"startTime\":\"22\/07\/2023 16:44:34.829\",\"endTime\":\"22\/07\/2023 16:44:41.693\",\"deviceStatus\":{\"battery\" :85,\"TotalMemKernal\":2801,\"ThresholdMem\":216,\"TotalAvailMem\":545,\"IsLowMem\":false}},\"NativeToUnityFirstCall\":{\"duration\":10592.075,\"startTime\":\"22\/07\/2023 16:44:34.829\",\"endTime\":\"22\/07\/2023 16:44:45.421\",\"deviceStatus\":{\"battery\" :85,\"TotalMemKernal\":2801,\"ThresholdMem\":216,\"TotalAvailMem\":545,\"IsLowMem\":false}},\"ParsingData\":{\"duration\":39.574,\"startTime\":\"22\/07\/2023 16:44:45.426\",\"endTime\":\"22\/07\/2023 16:44:45.466\",\"deviceStatus\":{\"battery\" :85,\"TotalMemKernal\":2801,\"ThresholdMem\":216,\"TotalAvailMem\":545,\"IsLowMem\":false}},\"LoadingGameScene\":{\"duration\":7499.398,\"startTime\":\"22\/07\/2023 16:44:45.466\",\"endTime\":\"22\/07\/2023 16:44:52.966\",\"deviceStatus\":{\"battery\" :85,\"TotalMemKernal\":2801,\"ThresholdMem\":216,\"TotalAvailMem\":545,\"IsLowMem\":false}},\"CompleteUnityLoading\":{\"duration\":19218.112,\"startTime\":","src":"loading_analysis","ra":"LegacyLoading","c":"unity_time_tracking_v2","g":"ludo","s":"gt:table1678871131835","t":"YOU5dzukYGdrl0fE:22\/07\/2023 16:44:41.681","fu":"YOU5dzukYGdrl0fE","tu":"{}","us":7,"v":"non_vip","cs":36,"sec":"{}"}
2023-07-22 16:44:54.196 10775-10868/com.hike.mazuma.debug D/RushAnalytics: events written to  file! Size now :3826bytes
2023-07-22 16:44:54.198 10775-10866/com.hike.mazuma.debug I/HikeDeviceManager: returning deviceId as 63ee227a-4c9b-402d-8d48-adf4e13744b7
2023-07-22 16:44:54.198 10775-10866/com.hike.mazuma.debug I/HikeDeviceManager: returning secureId as 8f30095ad6435ba8
2023-07-22 16:44:54.200 10775-10866/com.hike.mazuma.debug D/RushAnalytics: {"p":"client_bg_event","o":"unity_time_tracking_v2","fa":"unity_time_tracking_v2","vs":"TOO_LARGE_{\"UnityIsReady\":{\"duration\":6864.104,\"startTime\":\"22\/07\/2023 16:44:34.829\",\"endTime\":\"22\/07\/2023 16:44:41.693\",\"deviceStatus\":{\"battery\" :85,\"TotalMemKernal\":2801,\"ThresholdMem\":216,\"TotalAvailMem\":545,\"IsLowMem\":false}},\"NativeToUnityFirstCall\":{\"duration\":10592.075,\"startTime\":\"22\/07\/2023 16:44:34.829\",\"endTime\":\"22\/07\/2023 16:44:45.421\",\"deviceStatus\":{\"battery\" :85,\"TotalMemKernal\":2801,\"ThresholdMem\":216,\"TotalAvailMem\":545,\"IsLowMem\":false}},\"ParsingData\":{\"duration\":39.574,\"startTime\":\"22\/07\/2023 16:44:45.426\",\"endTime\":\"22\/07\/2023 16:44:45.466\",\"deviceStatus\":{\"battery\" :85,\"TotalMemKernal\":2801,\"ThresholdMem\":216,\"TotalAvailMem\":545,\"IsLowMem\":false}},\"LoadingGameScene\":{\"duration\":7499.398,\"startTime\":\"22\/07\/2023 16:44:45.466\",\"endTime\":\"22\/07\/2023 16:44:52.966\",\"deviceStatus\":{\"battery\" :85,\"TotalMemKernal\":2801,\"ThresholdMem\":216,\"TotalAvailMem\":545,\"IsLowMem\":false}},\"CompleteUnityLoading\":{\"duration\":19218.112,\"startTime\":","src":"loading_analysis","ra":"LegacyLoading","c":"unity_time_tracking_v2","g":"ludo","s":"gt:table1678871131835","t":"YOU5dzukYGdrl0fE:22\/07\/2023 16:44:41.681","fu":"YOU5dzukYGdrl0fE","tu":"{}","us":7,"v":"non_vip","cs":36,"sec":"{}","di":"63ee227a-4c9b-402d-8d48-adf4e13744b7","tc":"8f30095ad6435ba8","r":"c2ce8820-1672-44b0-965b-d472dc78a478","cts":1690024494198,"av":"android-1.0.631.CDF","dt":"Android","ov":30,"msisdn":"+919452995292","nw":"WIFI_METERED","ri":"63ee227a-4c9b-402d-8d48-adf4e13744b7","ser":"{\"RAM\":\"2.73 GB\",\"Storage\":[{\"Free\":\"35.65 GB\",\"Total\":\"59.6 GB\"}]}","f":"f06f08ac-ed67-4b1a-8163-7fd894a31a91","k":"rush","uk":"rush","ver":"v2","ts":1690024494}
2023-07-22 16:44:54.204 10775-10868/com.hike.mazuma.debug D/RushAnalytics: events written to  file! Size now :4488bytes
2023-07-22 16:44:54.231 10775-10866/com.hike.mazuma.debug D/RushUnityReceiver: RushUnityReceiver.receiveData  called with json {"type":2,"data":{"p":"client_bg_event","o":"game_match_making_server_connection_started","fa":"match_making_screen","b":"{\"tournament_id\":\"ZLrJF2-ggE0ihTws\",\"ticket_game\":\"false\"}","c":"game_v2","src":"rush_homescreen","g":"ludo","s":"gt:table1678871131835","vs":"cash","fu":"YOU5dzukYGdrl0fE","tu":"{}","us":7.0,"v":"non_vip","f":"MM-cbd1805e-2a77-4933-8312-06c88a98c445","cs":36,"sec":"{}","t":"{\"EE_FunnelId\":\"EE-203e86c2-87e1-47e7-8eed-248b35aa3945\",\"SS_FunnelId\":\"SS-a711dd45-fa87-43b4-86fb-ebb67162b32b\"}"}}
2023-07-22 16:44:54.232 10775-10866/com.hike.mazuma.debug D/RushUnityManager: onDataReceivedFromUnity of type 2 with data {"p":"client_bg_event","o":"game_match_making_server_connection_started","fa":"match_making_screen","b":"{\"tournament_id\":\"ZLrJF2-ggE0ihTws\",\"ticket_game\":\"false\"}","c":"game_v2","src":"rush_homescreen","g":"ludo","s":"gt:table1678871131835","vs":"cash","fu":"YOU5dzukYGdrl0fE","tu":"{}","us":7,"v":"non_vip","f":"MM-cbd1805e-2a77-4933-8312-06c88a98c445","cs":36,"sec":"{}","t":"{\"EE_FunnelId\":\"EE-203e86c2-87e1-47e7-8eed-248b35aa3945\",\"SS_FunnelId\":\"SS-a711dd45-fa87-43b4-86fb-ebb67162b32b\"}"}
2023-07-22 16:44:54.233 10775-10866/com.hike.mazuma.debug I/HikeDeviceManager: returning deviceId as 63ee227a-4c9b-402d-8d48-adf4e13744b7
2023-07-22 16:44:54.233 10775-10866/com.hike.mazuma.debug I/HikeDeviceManager: returning secureId as 8f30095ad6435ba8
2023-07-22 16:44:54.234 10775-10866/com.hike.mazuma.debug D/RushAnalytics: {"p":"client_bg_event","o":"game_match_making_server_connection_started","fa":"match_making_screen","b":"{\"tournament_id\":\"ZLrJF2-ggE0ihTws\",\"ticket_game\":\"false\"}","c":"game_v2","src":"rush_homescreen","g":"ludo","s":"gt:table1678871131835","vs":"cash","fu":"YOU5dzukYGdrl0fE","tu":"{}","us":7,"v":"non_vip","f":"MM-cbd1805e-2a77-4933-8312-06c88a98c445","cs":36,"sec":"{}","t":"{\"EE_FunnelId\":\"EE-203e86c2-87e1-47e7-8eed-248b35aa3945\",\"SS_FunnelId\":\"SS-a711dd45-fa87-43b4-86fb-ebb67162b32b\"}","di":"63ee227a-4c9b-402d-8d48-adf4e13744b7","tc":"8f30095ad6435ba8","r":"c2ce8820-1672-44b0-965b-d472dc78a478","cts":1690024494233,"av":"android-1.0.631.CDF","dt":"Android","ov":30,"msisdn":"+919452995292","nw":"WIFI_METERED","ri":"63ee227a-4c9b-402d-8d48-adf4e13744b7","ser":"{\"RAM\":\"2.73 GB\",\"Storage\":[{\"Free\":\"35.65 GB\",\"Total\":\"59.6 GB\"}]}","k":"rush","uk":"rush","ver":"v2","ts":1690024494}
2023-07-22 16:44:54.236 10775-10866/com.hike.mazuma.debug D/RushUnityReceiver: RushUnityReceiver.receiveData  called with json {"type":7,"data":{"gameId":"ludo","mmId":"MM-cbd1805e-2a77-4933-8312-06c88a98c445"}}
2023-07-22 16:44:54.236 10775-10866/com.hike.mazuma.debug D/RushUnityManager: onDataReceivedFromUnity of type 7 with data {"gameId":"ludo","mmId":"MM-cbd1805e-2a77-4933-8312-06c88a98c445"}
2023-07-22 16:44:54.236 10775-10868/com.hike.mazuma.debug D/RushAnalytics: events written to  file! Size now :6347bytes
2023-07-22 16:44:54.236 10775-10866/com.hike.mazuma.debug D/CRASH_FUNNEL: PRE-SENDING MM_ID received is MM-cbd1805e-2a77-4933-8312-06c88a98c445
2023-07-22 16:44:54.240 10775-10866/com.hike.mazuma.debug D/FirebaseAnalyticsManager: logging firebase Event ludo_MM_Started_MM-cbd1805e-2a77-4933-8312-06c88a98c445 with bundle {}
2023-07-22 16:44:54.247 6553-6553/com.hike.mazuma.debug D/CRASH_FUNNEL: MMID received is MM-cbd1805e-2a77-4933-8312-06c88a98c445
2023-07-22 16:44:54.256 10775-10864/com.hike.mazuma.debug E/FA: Name must consist of letters, digits or _ (underscores). Type, name: event, ludo_MM_Started_MM-cbd1805e-2a77-4933-8312-06c88a98c445
2023-07-22 16:44:54.256 10775-10864/com.hike.mazuma.debug E/FA: Invalid public event name. Event will not be logged (FE): ludo_MM_Started_MM-cbd1805e-2a77-4933-8312-06c88a98c445
2023-07-22 16:44:54.507 10775-10790/com.hike.mazuma.debug I/uma.debug:Unit: NativeAlloc concurrent copying GC freed 7592(753KB) AllocSpace objects, 8(160KB) LOS objects, 18% free, 8881KB/10MB, paused 168us total 156.880ms
2023-07-22 16:44:54.739 10775-10866/com.hike.mazuma.debug D/RushUnityReceiver: RushUnityReceiver.receiveData  called with json {"type":2,"data":{"p":"client_bg_event","o":"game_match_making_server_secure_connection_started","fa":"match_making_screen","b":"{\"tournament_id\":\"ZLrJF2-ggE0ihTws\",\"ticket_game\":\"false\"}","c":"game_v2","src":"rush_homescreen","g":"ludo","s":"gt:table1678871131835","vs":"cash","fu":"YOU5dzukYGdrl0fE","tu":"{}","us":7.0,"v":"non_vip","f":"MM-cbd1805e-2a77-4933-8312-06c88a98c445","cs":36,"sec":"{}","t":"{\"EE_FunnelId\":\"EE-203e86c2-87e1-47e7-8eed-248b35aa3945\",\"SS_FunnelId\":\"SS-a711dd45-fa87-43b4-86fb-ebb67162b32b\"}"}}
2023-07-22 16:44:54.740 10775-10866/com.hike.mazuma.debug D/RushUnityManager: onDataReceivedFromUnity of type 2 with data {"p":"client_bg_event","o":"game_match_making_server_secure_connection_started","fa":"match_making_screen","b":"{\"tournament_id\":\"ZLrJF2-ggE0ihTws\",\"ticket_game\":\"false\"}","c":"game_v2","src":"rush_homescreen","g":"ludo","s":"gt:table1678871131835","vs":"cash","fu":"YOU5dzukYGdrl0fE","tu":"{}","us":7,"v":"non_vip","f":"MM-cbd1805e-2a77-4933-8312-06c88a98c445","cs":36,"sec":"{}","t":"{\"EE_FunnelId\":\"EE-203e86c2-87e1-47e7-8eed-248b35aa3945\",\"SS_FunnelId\":\"SS-a711dd45-fa87-43b4-86fb-ebb67162b32b\"}"}
2023-07-22 16:44:54.740 10775-10866/com.hike.mazuma.debug I/HikeDeviceManager: returning deviceId as 63ee227a-4c9b-402d-8d48-adf4e13744b7
2023-07-22 16:44:54.740 10775-10866/com.hike.mazuma.debug I/HikeDeviceManager: returning secureId as 8f30095ad6435ba8
2023-07-22 16:44:54.742 10775-10866/com.hike.mazuma.debug D/RushAnalytics: {"p":"client_bg_event","o":"game_match_making_server_secure_connection_started","fa":"match_making_screen","b":"{\"tournament_id\":\"ZLrJF2-ggE0ihTws\",\"ticket_game\":\"false\"}","c":"game_v2","src":"rush_homescreen","g":"ludo","s":"gt:table1678871131835","vs":"cash","fu":"YOU5dzukYGdrl0fE","tu":"{}","us":7,"v":"non_vip","f":"MM-cbd1805e-2a77-4933-8312-06c88a98c445","cs":36,"sec":"{}","t":"{\"EE_FunnelId\":\"EE-203e86c2-87e1-47e7-8eed-248b35aa3945\",\"SS_FunnelId\":\"SS-a711dd45-fa87-43b4-86fb-ebb67162b32b\"}","di":"63ee227a-4c9b-402d-8d48-adf4e13744b7","tc":"8f30095ad6435ba8","r":"c2ce8820-1672-44b0-965b-d472dc78a478","cts":1690024494740,"av":"android-1.0.631.CDF","dt":"Android","ov":30,"msisdn":"+919452995292","nw":"WIFI_METERED","ri":"63ee227a-4c9b-402d-8d48-adf4e13744b7","ser":"{\"RAM\":\"2.73 GB\",\"Storage\":[{\"Free\":\"35.65 GB\",\"Total\":\"59.6 GB\"}]}","k":"rush","uk":"rush","ver":"v2","ts":1690024494}
2023-07-22 16:44:54.744 10775-10868/com.hike.mazuma.debug D/RushAnalytics: events written to  file! Size now :7268bytes
2023-07-22 16:44:54.744 10775-10866/com.hike.mazuma.debug D/RushUnityReceiver: RushUnityReceiver.receiveData  called with json {"type":2,"data":{"p":"client_bg_event","o":"game_match_making_server_connection_completed","fa":"match_making_screen","vi":5,"ra":"success","b":"{\"tournament_id\":\"ZLrJF2-ggE0ihTws\",\"ticket_game\":\"false\"}","c":"game_v2","src":"rush_homescreen","g":"ludo","s":"gt:table1678871131835","vs":"cash","fu":"YOU5dzukYGdrl0fE","tu":"{}","us":7.0,"v":"non_vip","f":"MM-cbd1805e-2a77-4933-8312-06c88a98c445","cs":36,"sec":"{}","t":"{\"EE_FunnelId\":\"EE-203e86c2-87e1-47e7-8eed-248b35aa3945\",\"SS_FunnelId\":\"SS-a711dd45-fa87-43b4-86fb-ebb67162b32b\"}"}}
2023-07-22 16:44:54.745 10775-10866/com.hike.mazuma.debug D/RushUnityManager: onDataReceivedFromUnity of type 2 with data {"p":"client_bg_event","o":"game_match_making_server_connection_completed","fa":"match_making_screen","vi":5,"ra":"success","b":"{\"tournament_id\":\"ZLrJF2-ggE0ihTws\",\"ticket_game\":\"false\"}","c":"game_v2","src":"rush_homescreen","g":"ludo","s":"gt:table1678871131835","vs":"cash","fu":"YOU5dzukYGdrl0fE","tu":"{}","us":7,"v":"non_vip","f":"MM-cbd1805e-2a77-4933-8312-06c88a98c445","cs":36,"sec":"{}","t":"{\"EE_FunnelId\":\"EE-203e86c2-87e1-47e7-8eed-248b35aa3945\",\"SS_FunnelId\":\"SS-a711dd45-fa87-43b4-86fb-ebb67162b32b\"}"}
2023-07-22 16:44:54.745 10775-10866/com.hike.mazuma.debug I/HikeDeviceManager: returning deviceId as 63ee227a-4c9b-402d-8d48-adf4e13744b7
2023-07-22 16:44:54.745 10775-10866/com.hike.mazuma.debug I/HikeDeviceManager: returning secureId as 8f30095ad6435ba8
